
> quiz-app@1.0.0 build
> ng build

node.exe : - 
Building...
At C:\Program Files\no
dejs\npm.ps1:29 char:3
+   & $NODE_EXE 
$NPM_CLI_JS $args
+   ~~~~~~~~~~~~~~~~~~
~~~~~~~~~~~
    + CategoryInfo    
          : NotSpeci  
  fied: (- Building   
 ...:String) [], R    
emoteException
    + FullyQualifiedE 
   rrorId : NativeCo  
  mmandError
 

Initial chunk files   | Names               |  Raw size | Estimated transfer size
chunk-62QQHIK5.js     | -                   | 244.01 kB |                65.76 kB
main-WGHJ4LQI.js      | main                |  62.60 kB |                16.56 kB
polyfills-FFHMD2TL.js | polyfills           |  33.71 kB |                11.02 kB
styles-ETQJEFP3.css   | styles              |   6.01 kB |               880 bytes
chunk-6AKGHWWE.js     | -                   |   1.04 kB |               496 bytes

                      | Initial total       | 347.38 kB |                94.68 kB

Lazy chunk files      | Names               |  Raw size | Estimated transfer size
chunk-QX5VGK7D.js     | -                   | 421.57 kB |               116.86 kB
chunk-5X5X36K5.js     | -                   |  24.13 kB |                 5.44 kB
chunk-5PQ3KO7X.js     | dashboard-component |  22.85 kB |                 5.35 kB
chunk-DGARVRJX.js     | quiz-component      |  15.27 kB |                 4.06 kB
chunk-YJZBL3UT.js     | results-component   |  13.25 kB |                 3.32 kB
chunk-OHF3G6DE.js     | login-component     |   6.20 kB |                 2.00 kB
chunk-QLYRWK4C.js     | -                   |   4.26 kB |                 1.29 kB

Application bundle generation failed. [5.266 seconds]

Γû▓ [WARNING] src/app/
components/login/login
.component.scss 
exceeded maximum 
budget. Budget 2.00 
kB was not met by 736 
bytes with a total of 
2.72 kB.


Γû▓ [WARNING] src/app/
components/results/res
ults.component.scss 
exceeded maximum 
budget. Budget 2.00 
kB was not met by 
3.30 kB with a total 
of 5.30 kB.


Γû▓ [WARNING] src/app/
components/quiz/quiz.c
omponent.scss 
exceeded maximum 
budget. Budget 2.00 
kB was not met by 
4.40 kB with a total 
of 6.40 kB.


Γû▓ [WARNING] src/app/
components/dashboard/d
ashboard.component.scs
s exceeded maximum 
budget. Budget 2.00 
kB was not met by 
6.22 kB with a total 
of 8.22 kB.


X [ERROR] src/app/comp
onents/results/results
.component.scss 
exceeded maximum 
budget. Budget 4.00 
kB was not met by 
1.30 kB with a total 
of 5.30 kB.


X [ERROR] src/app/comp
onents/quiz/quiz.compo
nent.scss exceeded 
maximum budget. 
Budget 4.00 kB was 
not met by 2.40 kB 
with a total of 6.40 
kB.


X [ERROR] src/app/comp
onents/dashboard/dashb
oard.component.scss 
exceeded maximum 
budget. Budget 4.00 
kB was not met by 
4.22 kB with a total 
of 8.22 kB.


